# state: working tree after team-lead's integration notice, prepare.ts sha256 b4b77b80a608c0b4862b8e06283a71c810b30746b8ea2cad5f20b83a6f2526d2
TAP version 13
# Subtest: bad: function before return -> config_unknown, not ok
ok 1 - bad: function before return -> config_unknown, not ok
  ---
  duration_ms: 21.533
  type: 'test'
  ...
# Subtest: bad: if(false){return} -> config_unknown, not ok
ok 2 - bad: if(false){return} -> config_unknown, not ok
  ---
  duration_ms: 7.2945
  type: 'test'
  ...
# Subtest: bad: if(false) return; without braces -> config_unknown, not ok
ok 3 - bad: if(false) return; without braces -> config_unknown, not ok
  ---
  duration_ms: 6.875875
  type: 'test'
  ...
# Subtest: bad: if: ... endif; -> config_unknown, not ok
ok 4 - bad: if: ... endif; -> config_unknown, not ok
  ---
  duration_ms: 3.653875
  type: 'test'
  ...
# Subtest: bad: else branch -> config_unknown, not ok
ok 5 - bad: else branch -> config_unknown, not ok
  ---
  duration_ms: 3.403083
  type: 'test'
  ...
# Subtest: bad: elseif branch -> config_unknown, not ok
ok 6 - bad: elseif branch -> config_unknown, not ok
  ---
  duration_ms: 3.470209
  type: 'test'
  ...
# Subtest: bad: closure -> config_unknown, not ok
ok 7 - bad: closure -> config_unknown, not ok
  ---
  duration_ms: 4.300625
  type: 'test'
  ...
# Subtest: bad: static closure with use -> config_unknown, not ok
ok 8 - bad: static closure with use -> config_unknown, not ok
  ---
  duration_ms: 3.131667
  type: 'test'
  ...
# Subtest: bad: class method -> config_unknown, not ok
ok 9 - bad: class method -> config_unknown, not ok
  ---
  duration_ms: 3.668916
  type: 'test'
  ...
# Subtest: bad: match -> config_unknown, not ok
ok 10 - bad: match -> config_unknown, not ok
  ---
  duration_ms: 6.950709
  type: 'test'
  ...
# Subtest: bad: ternary -> config_unknown, not ok
ok 11 - bad: ternary -> config_unknown, not ok
  ---
  duration_ms: 6.193583
  type: 'test'
  ...
# Subtest: bad: code after return -> config_unknown, not ok
ok 12 - bad: code after return -> config_unknown, not ok
  ---
  duration_ms: 7.110375
  type: 'test'
  ...
# Subtest: bad: two top-level returns -> config_unknown, not ok
ok 13 - bad: two top-level returns -> config_unknown, not ok
  ---
  duration_ms: 3.503667
  type: 'test'
  ...
# Subtest: bad: variable then return $config -> config_unknown, not ok
ok 14 - bad: variable then return $config -> config_unknown, not ok
  ---
  duration_ms: 2.70075
  type: 'test'
  ...
# Subtest: bad: array_merge -> config_unknown, not ok
ok 15 - bad: array_merge -> config_unknown, not ok
  ---
  duration_ms: 5.110375
  type: 'test'
  ...
# Subtest: bad: return require -> config_unknown, not ok
ok 16 - bad: return require -> config_unknown, not ok
  ---
  duration_ms: 1.698291
  type: 'test'
  ...
# Subtest: bad: heredoc -> config_unknown, not ok
ok 17 - bad: heredoc -> config_unknown, not ok
  ---
  duration_ms: 11.318417
  type: 'test'
  ...
# Subtest: bad: goto -> config_unknown, not ok
ok 18 - bad: goto -> config_unknown, not ok
  ---
  duration_ms: 6.403042
  type: 'test'
  ...
# Subtest: bad: switch -> config_unknown, not ok
ok 19 - bad: switch -> config_unknown, not ok
  ---
  duration_ms: 3.376792
  type: 'test'
  ...
# Subtest: bad: while(false) -> config_unknown, not ok
ok 20 - bad: while(false) -> config_unknown, not ok
  ---
  duration_ms: 4.6745
  type: 'test'
  ...
# Subtest: bad: try/finally -> config_unknown, not ok
ok 21 - bad: try/finally -> config_unknown, not ok
  ---
  duration_ms: 5.613667
  type: 'test'
  ...
# Subtest: bad: declare block -> config_unknown, not ok
ok 22 - bad: declare block -> config_unknown, not ok
  ---
  duration_ms: 4.300417
  type: 'test'
  ...
# Subtest: bad: braced namespace -> config_unknown, not ok
ok 23 - bad: braced namespace -> config_unknown, not ok
  ---
  duration_ms: 7.113042
  type: 'test'
  ...
# Subtest: bad: __halt_compiler before return -> config_unknown, not ok
ok 24 - bad: __halt_compiler before return -> config_unknown, not ok
  ---
  duration_ms: 1.72475
  type: 'test'
  ...
# Subtest: bad: array union (left wins) -> config_unknown, not ok
ok 25 - bad: array union (left wins) -> config_unknown, not ok
  ---
  duration_ms: 6.188042
  type: 'test'
  ...
# Subtest: bad: inline HTML after ?> mid-file -> config_unknown, not ok
ok 26 - bad: inline HTML after ?> mid-file -> config_unknown, not ok
  ---
  duration_ms: 11.455625
  type: 'test'
  ...
# Subtest: bad: // comment closed by ?> -> config_unknown, not ok
ok 27 - bad: // comment closed by ?> -> config_unknown, not ok
  ---
  duration_ms: 4.41925
  type: 'test'
  ...
# Subtest: bad: \# comment closed by ?> -> config_unknown, not ok
ok 28 - bad: \# comment closed by ?> -> config_unknown, not ok
  ---
  duration_ms: 2.665666
  type: 'test'
  ...
# Subtest: bad: // comment ended by bare \\r -> config_unknown, not ok
ok 29 - bad: // comment ended by bare \\r -> config_unknown, not ok
  ---
  duration_ms: 2.042083
  type: 'test'
  ...
# Subtest: bad: <?PHP with "<?php" in a string -> config_unknown, not ok
ok 30 - bad: <?PHP with "<?php" in a string -> config_unknown, not ok
  ---
  duration_ms: 1.902542
  type: 'test'
  ...
# Subtest: bad: no <?php at all -> config_unknown, not ok
ok 31 - bad: no <?php at all -> config_unknown, not ok
  ---
  duration_ms: 2.888083
  type: 'test'
  ...
# Subtest: bad: <?= before <?php (team-lead case) -> config_unknown, not ok
ok 32 - bad: <?= before <?php (team-lead case) -> config_unknown, not ok
  ---
  duration_ms: 2.06575
  type: 'test'
  ...
# Subtest: bad: <?= before <?php, dangerous order -> config_unknown, not ok
ok 33 - bad: <?= before <?php, dangerous order -> config_unknown, not ok
  ---
  duration_ms: 4.070083
  type: 'test'
  ...
# Subtest: bad: <? short tag before <?php -> config_unknown, not ok
ok 34 - bad: <? short tag before <?php -> config_unknown, not ok
  ---
  duration_ms: 3.052
  type: 'test'
  ...
# Subtest: bad: <?PHP uppercase with a function -> config_unknown, not ok
ok 35 - bad: <?PHP uppercase with a function -> config_unknown, not ok
  ---
  duration_ms: 1.77575
  type: 'test'
  ...
# Subtest: bad: ?> mid-file then <?php return -> config_unknown, not ok
ok 36 - bad: ?> mid-file then <?php return -> config_unknown, not ok
  ---
  duration_ms: 7.146417
  type: 'test'
  ...
# Subtest: bad: <?phpX is not an open tag -> config_unknown, not ok
ok 37 - bad: <?phpX is not an open tag -> config_unknown, not ok
  ---
  duration_ms: 2.668917
  type: 'test'
  ...
# Subtest: bad: NBSP after <?php, real tag in a comment -> config_unknown, not ok
not ok 38 - bad: NBSP after <?php, real tag in a comment -> config_unknown, not ok
  ---
  duration_ms: 5.6535
  type: 'test'
  location: '<repo>/docs/agent-orchestration/evidence/stage-13-review/review4/verifier/config-boundaries.test.mjs:76:48'
  failureType: 'testCodeFailure'
  error: '{"db":{"connection":"sqlite","host":null,"port":null,"database":":memory:","source":"none","explicit":true,"risky":false,"configCached":false,"service":"not_needed","url":null,"connectionName":"sqlite","unknown":null},"item":{"id":"testdb","level":"ok","detail":"sqlite from config/database.php","facts":{"source":"none","connection":"sqlite","connectionName":"sqlite","host":"","database":":memory:","variable":"","unknown":"","reason":"for_tests"}}}'
  code: 'ERR_ASSERTION'
  name: 'AssertionError'
  expected: 'ok'
  actual: 'ok'
  operator: 'notStrictEqual'
  stack: |-
    TestContext.<anonymous> (file://<repo>/docs/agent-orchestration/evidence/stage-13-review/review4/verifier/config-boundaries.test.mjs:78:10)
    async Test.run (node:internal/test_runner/test:1409:7)
    async Test.processPendingSubtests (node:internal/test_runner/test:974:7)
  ...
# Subtest: bad: \\v after <?php, real tag in a comment -> config_unknown, not ok
not ok 39 - bad: \\v after <?php, real tag in a comment -> config_unknown, not ok
  ---
  duration_ms: 3.904708
  type: 'test'
  location: '<repo>/docs/agent-orchestration/evidence/stage-13-review/review4/verifier/config-boundaries.test.mjs:76:48'
  failureType: 'testCodeFailure'
  error: '{"db":{"connection":"sqlite","host":null,"port":null,"database":":memory:","source":"none","explicit":true,"risky":false,"configCached":false,"service":"not_needed","url":null,"connectionName":"sqlite","unknown":null},"item":{"id":"testdb","level":"ok","detail":"sqlite from config/database.php","facts":{"source":"none","connection":"sqlite","connectionName":"sqlite","host":"","database":":memory:","variable":"","unknown":"","reason":"for_tests"}}}'
  code: 'ERR_ASSERTION'
  name: 'AssertionError'
  expected: 'ok'
  actual: 'ok'
  operator: 'notStrictEqual'
  stack: |-
    TestContext.<anonymous> (file://<repo>/docs/agent-orchestration/evidence/stage-13-review/review4/verifier/config-boundaries.test.mjs:78:10)
    async Test.run (node:internal/test_runner/test:1409:7)
    async Test.processPendingSubtests (node:internal/test_runner/test:974:7)
  ...
# Subtest: bad: \\f after <?php, real tag in a comment -> config_unknown, not ok
not ok 40 - bad: \\f after <?php, real tag in a comment -> config_unknown, not ok
  ---
  duration_ms: 11.8585
  type: 'test'
  location: '<repo>/docs/agent-orchestration/evidence/stage-13-review/review4/verifier/config-boundaries.test.mjs:76:48'
  failureType: 'testCodeFailure'
  error: '{"db":{"connection":"sqlite","host":null,"port":null,"database":":memory:","source":"none","explicit":true,"risky":false,"configCached":false,"service":"not_needed","url":null,"connectionName":"sqlite","unknown":null},"item":{"id":"testdb","level":"ok","detail":"sqlite from config/database.php","facts":{"source":"none","connection":"sqlite","connectionName":"sqlite","host":"","database":":memory:","variable":"","unknown":"","reason":"for_tests"}}}'
  code: 'ERR_ASSERTION'
  name: 'AssertionError'
  expected: 'ok'
  actual: 'ok'
  operator: 'notStrictEqual'
  stack: |-
    TestContext.<anonymous> (file://<repo>/docs/agent-orchestration/evidence/stage-13-review/review4/verifier/config-boundaries.test.mjs:78:10)
    async Test.run (node:internal/test_runner/test:1409:7)
    async Test.processPendingSubtests (node:internal/test_runner/test:974:7)
  ...
# Subtest: good: Laravel 11 style (use, docblocks, //, \#, /* */) -> ok
ok 41 - good: Laravel 11 style (use, docblocks, //, \#, /* */) -> ok
  ---
  duration_ms: 15.103375
  type: 'test'
  ...
# Subtest: good: declare(strict_types=1) -> ok
ok 42 - good: declare(strict_types=1) -> ok
  ---
  duration_ms: 8.554334
  type: 'test'
  ...
# Subtest: good: namespace + use -> ok
ok 43 - good: namespace + use -> ok
  ---
  duration_ms: 11.767292
  type: 'test'
  ...
# Subtest: good: declare + namespace + use -> ok
ok 44 - good: declare + namespace + use -> ok
  ---
  duration_ms: 11.697708
  type: 'test'
  ...
# Subtest: good: trailing ?> -> ok
ok 45 - good: trailing ?> -> ok
  ---
  duration_ms: 6.640125
  type: 'test'
  ...
# Subtest: good: trailing ?> and newline -> ok
ok 46 - good: trailing ?> and newline -> ok
  ---
  duration_ms: 9.803375
  type: 'test'
  ...
# Subtest: good: return array(...) -> ok
ok 47 - good: return array(...) -> ok
  ---
  duration_ms: 14.164459
  type: 'test'
  ...
# Subtest: good: 'return' in a value and a comment -> ok
ok 48 - good: 'return' in a value and a comment -> ok
  ---
  duration_ms: 9.279917
  type: 'test'
  ...
# Subtest: good: no trailing semicolon before ?> -> ok
ok 49 - good: no trailing semicolon before ?> -> ok
  ---
  duration_ms: 8.843666
  type: 'test'
  ...
# Subtest: good: <?PHP uppercase, plain return -> ok
ok 50 - good: <?PHP uppercase, plain return -> ok
  ---
  duration_ms: 5.265667
  type: 'test'
  ...
# Subtest: good: HTML before <?php -> ok
ok 51 - good: HTML before <?php -> ok
  ---
  duration_ms: 9.632084
  type: 'test'
  ...
# Subtest: good: BOM before <?php -> ok
ok 52 - good: BOM before <?php -> ok
  ---
  duration_ms: 4.318458
  type: 'test'
  ...
# Subtest: actual MySQL on production.invalid (plain file) stays a blocker
ok 53 - actual MySQL on production.invalid (plain file) stays a blocker
  ---
  duration_ms: 15.089125
  type: 'test'
  ...
# Subtest: no password from a URL or the file reaches the item or the result
ok 54 - no password from a URL or the file reaches the item or the result
  ---
  duration_ms: 5.650125
  type: 'test'
  ...
1..54
# tests 54
# suites 0
# pass 51
# fail 3
# cancelled 0
# skipped 0
# todo 0
# duration_ms 568.68575
