# repro: orchestration-service-review.test.mjs.after selftest delay 7000 ms; 15:57  up 2 days,  1:20, 7 users, load averages: 150,74 88,78 45,64
TAP version 13
# Subtest: runMs expires during a check: the check is not_verified(stopped), paused(limit_reached), no review
not ok 1 - runMs expires during a check: the check is not_verified(stopped), paused(limit_reached), no review
  ---
  duration_ms: 28919.54325
  type: 'test'
  location: '<repo>/tests/.review6-repro-70579.mjs:255:1'
  failureType: 'testCodeFailure'
  error: 'timed out waiting for check.started: no change for 15000 ms; now paused(limit_reached); +28463 ms since createdAt; timeline 161:run.created 1344:workspace.created 1348:run.status(running) 1955:orch.turn(plan) 1969:turn.intent 1990:turn.finished 2130:plan.recorded 2650:orch.turn(execute) 2672:turn.intent 2696:turn.finished 10756:run.status(paused/limit_reached)'
  code: 'ERR_TEST_FAILURE'
  stack: |-
    waitPre (file://<repo>/tests/.review6-repro-70579.mjs:150:15)
    async TestContext.<anonymous> (file://<repo>/tests/.review6-repro-70579.mjs:268:3)
    async Test.run (node:internal/test_runner/test:1409:7)
    async startSubtestAfterBootstrap (node:internal/test_runner/harness:387:3)
  ...
# check started; service clock released after 3254 ms of preparation (runMs 6000)
1..1
# tests 1
# suites 0
# pass 0
# fail 1
# cancelled 0
# skipped 0
# todo 0
# duration_ms 59209.065708
# end: 15:58  up 2 days,  1:21, 7 users, load averages: 66,58 75,96 43,79
